###############################################################################
#
# IAR ELF Linker V3.10.1.201 for STM8                     13/Dec/2018  08:25:45
# Copyright 2010-2017 IAR Systems AB.
#
#    Output file  =  
#        E:\°´Ä¦ÒÎ\RT5780\RT5780Back_RT000_V1.0_20181205\Debug\Exe\RT5780.out
#    Map file     =  
#        E:\°´Ä¦ÒÎ\RT5780\RT5780Back_RT000_V1.0_20181205\Debug\List\RT5780.map
#    Command line =  
#        -f C:\Users\wangqian\AppData\Local\Temp\EW6D67.tmp
#        (E:\°´Ä¦ÒÎ\RT5780\RT5780Back_RT000_V1.0_20181205\Debug\Obj\Input.o
#        E:\°´Ä¦ÒÎ\RT5780\RT5780Back_RT000_V1.0_20181205\Debug\Obj\KneadMotor.o
#        E:\°´Ä¦ÒÎ\RT5780\RT5780Back_RT000_V1.0_20181205\Debug\Obj\KnockMotor.o
#        E:\°´Ä¦ÒÎ\RT5780\RT5780Back_RT000_V1.0_20181205\Debug\Obj\MotorCtrl.o
#        E:\°´Ä¦ÒÎ\RT5780\RT5780Back_RT000_V1.0_20181205\Debug\Obj\RT5800Back.o
#        E:\°´Ä¦ÒÎ\RT5780\RT5780Back_RT000_V1.0_20181205\Debug\Obj\stm8s_interruput.o
#        E:\°´Ä¦ÒÎ\RT5780\RT5780Back_RT000_V1.0_20181205\Debug\Obj\Timer.o
#        E:\°´Ä¦ÒÎ\RT5780\RT5780Back_RT000_V1.0_20181205\Debug\Obj\WalkMotor.o
#        --redirect _Printf=_PrintfSmall --redirect _Scanf=_ScanfSmall -o
#        E:\°´Ä¦ÒÎ\RT5780\RT5780Back_RT000_V1.0_20181205\Debug\Exe\RT5780.out
#        --map
#        E:\°´Ä¦ÒÎ\RT5780\RT5780Back_RT000_V1.0_20181205\Debug\List\RT5780.map
#        --config "D:\Program Files (x86)\IAR Systems\Embedded Workbench
#        8.0\stm8\config\lnkstm8s103k3.icf" --config_def _CSTACK_SIZE=0x100
#        --config_def _HEAP_SIZE=0x100 --entry __iar_program_start --debug_lib)
#
###############################################################################

*******************************************************************************
*** RUNTIME MODEL ATTRIBUTES
***

__SystemLibrary            = DLib
__code_model               = medium_or_large
__core                     = stm8
__data_model               = medium
__dlib_file_descriptor     = 0
__dlib_full_locale_support = 0
__rt_version               = 4


*******************************************************************************
*** PLACEMENT SUMMARY
***

"A0":  place at start of [0x000000-0x0000ff] { rw section .vregs };
"A1":  place at end of [0x000000-0x0003ff] { block CSTACK };
"P2":  place in [from 0x000000 to 0x0003ff] {
          block HEAP, rw section __DLIB_PERTHREAD, rw section .far.bss,
          rw section .far.data, rw section .far.noinit,
          rw section .far_func.textrw, rw section .huge.bss,
          rw section .huge.data, rw section .huge.noinit,
          rw section .huge_func.textrw, rw section .iar.dynexit,
          rw section .near.bss, rw section .near.data, rw section .near.noinit,
          rw section .near_func.textrw };
"A2":  place at start of [0x008000-0x009fff] { block INTVEC };
"P3":  place in [from 0x008000 to 0x009fff] {
          ro section __DLIB_PERTHREAD_init, ro section .far.data_init,
          ro section .far_func.textrw_init, ro section .huge.data_init,
          ro section .huge_func.textrw_init, ro section .iar.init_table,
          ro section .init_array, ro section .near.data_init,
          ro section .near.rodata, ro section .near_func.text,
          ro section .near_func.textrw_init, ro section .tiny.data_init,
          ro section .tiny.rodata_init };
"P4":  place in [from 0x008000 to 0x009fff] {
          ro section .far.rodata, ro section .far_func.text };
"P5":  place in [from 0x008000 to 0x009fff] {
          ro section .huge.rodata, ro section .huge_func.text };
do not initialize {
   rw section .eeprom.noinit, rw section .far.noinit, rw section .huge.noinit,
   rw section .near.noinit, rw section .tiny.noinit, rw section .vregs };
initialize by copy {
   rw section .far.bss, rw section .far.data, rw section .far_func.textrw,
   rw section .huge.bss, rw section .huge.data, rw section .huge_func.textrw,
   rw section .iar.dynexit, rw section .near.bss, rw section .near.data,
   rw section .near_func.textrw, rw section .tiny.bss, rw section .tiny.data,
   ro section .tiny.rodata };

  Section            Kind      Address    Size  Object
  -------            ----      -------    ----  ------
"A0":                                     0x10
  .vregs             uninit   0x000000    0x10  vregs.o [4]
                            - 0x000010    0x10

"P2", part 1 of 2:                         0x3
  P2-1                        0x000010     0x3  <Init block>
    .near.data       inited   0x000010     0x2  MotorCtrl.o [1]
    .near.data       inited   0x000012     0x1  RT5800Back.o [1]
                            - 0x000013     0x3

"P2", part 2 of 2:                        0x80
  .near.bss          zero     0x000013    0x19  RT5800Back.o [1]
  .near.bss          zero     0x00002c    0x10  Timer.o [1]
  .near.bss          zero     0x00003c     0xe  RT5800Back.o [1]
  .near.bss          zero     0x00004a     0x3  Input.o [1]
  .near.bss          zero     0x00004d     0x3  Input.o [1]
  .near.bss          zero     0x000050     0x2  Input.o [1]
  .near.bss          zero     0x000052     0x2  KneadMotor.o [1]
  .near.bss          zero     0x000054     0x2  KneadMotor.o [1]
  .near.bss          zero     0x000056     0x2  KneadMotor.o [1]
  .near.bss          zero     0x000058     0x2  MotorCtrl.o [1]
  .near.bss          zero     0x00005a     0x2  RT5800Back.o [1]
  .near.bss          zero     0x00005c     0x2  RT5800Back.o [1]
  .near.bss          zero     0x00005e     0x2  stm8s_interruput.o [1]
  .near.bss          zero     0x000060     0x2  stm8s_interruput.o [1]
  .near.bss          zero     0x000062     0x1  Input.o [1]
  .near.bss          zero     0x000063     0x1  Input.o [1]
  .near.bss          zero     0x000064     0x1  Input.o [1]
  .near.bss          zero     0x000065     0x1  Input.o [1]
  .near.bss          zero     0x000066     0x1  Input.o [1]
  .near.bss          zero     0x000067     0x1  KneadMotor.o [1]
  .near.bss          zero     0x000068     0x1  MotorCtrl.o [1]
  .near.bss          zero     0x000069     0x1  MotorCtrl.o [1]
  .near.bss          zero     0x00006a     0x1  MotorCtrl.o [1]
  .near.bss          zero     0x00006b     0x1  MotorCtrl.o [1]
  .near.bss          zero     0x00006c     0x1  MotorCtrl.o [1]
  .near.bss          zero     0x00006d     0x1  MotorCtrl.o [1]
  .near.bss          zero     0x00006e     0x1  MotorCtrl.o [1]
  .near.bss          zero     0x00006f     0x1  MotorCtrl.o [1]
  .near.bss          zero     0x000070     0x1  MotorCtrl.o [1]
  .near.bss          zero     0x000071     0x1  MotorCtrl.o [1]
  .near.bss          zero     0x000072     0x1  MotorCtrl.o [1]
  .near.bss          zero     0x000073     0x1  MotorCtrl.o [1]
  .near.bss          zero     0x000074     0x1  MotorCtrl.o [1]
  .near.bss          zero     0x000075     0x1  MotorCtrl.o [1]
  .near.bss          zero     0x000076     0x1  MotorCtrl.o [1]
  .near.bss          zero     0x000077     0x1  MotorCtrl.o [1]
  .near.bss          zero     0x000078     0x1  RT5800Back.o [1]
  .near.bss          zero     0x000079     0x1  RT5800Back.o [1]
  .near.bss          zero     0x00007a     0x1  RT5800Back.o [1]
  .near.bss          zero     0x00007b     0x1  RT5800Back.o [1]
  .near.bss          zero     0x00007c     0x1  RT5800Back.o [1]
  .near.bss          zero     0x00007d     0x1  RT5800Back.o [1]
  .near.bss          zero     0x00007e     0x1  RT5800Back.o [1]
  .near.bss          zero     0x00007f     0x1  RT5800Back.o [1]
  .near.bss          zero     0x000080     0x1  RT5800Back.o [1]
  .near.bss          zero     0x000081     0x1  RT5800Back.o [1]
  .near.bss          zero     0x000082     0x1  RT5800Back.o [1]
  .near.bss          zero     0x000083     0x1  RT5800Back.o [1]
  .near.bss          zero     0x000084     0x1  RT5800Back.o [1]
  .near.bss          zero     0x000085     0x1  RT5800Back.o [1]
  .near.bss          zero     0x000086     0x1  RT5800Back.o [1]
  .near.bss          zero     0x000087     0x1  RT5800Back.o [1]
  .near.bss          zero     0x000088     0x1  RT5800Back.o [1]
  .near.bss          zero     0x000089     0x1  RT5800Back.o [1]
  .near.bss          zero     0x00008a     0x1  stm8s_interruput.o [1]
  .near.bss          zero     0x00008b     0x1  stm8s_interruput.o [1]
  .near.bss          zero     0x00008c     0x1  stm8s_interruput.o [1]
  .near.bss          zero     0x00008d     0x1  stm8s_interruput.o [1]
  .near.bss          zero     0x00008e     0x1  stm8s_interruput.o [1]
  .near.bss          zero     0x00008f     0x1  stm8s_interruput.o [1]
  .near.bss          zero     0x000090     0x1  stm8s_interruput.o [1]
  .near.bss          zero     0x000091     0x1  Timer.o [1]
  .near.bss          zero     0x000092     0x1  WalkMotor.o [1]
                            - 0x000093    0x80

"A1":                                    0x100
  CSTACK                      0x000300   0x100  <Block>
    CSTACK           uninit   0x000300   0x100  <Block tail>
                            - 0x000400   0x100

Absolute sections, part 1 of 6:            0x2
  .near.noinit       uninit   0x005000     0x1  WalkMotor.o [1]
  .near.noinit       uninit   0x005001     0x1  Input.o [1]
                            - 0x005002     0x2

Absolute sections, part 2 of 6:            0x1
  .near.noinit       uninit   0x005005     0x1  WalkMotor.o [1]
                            - 0x005006     0x1

Absolute sections, part 3 of 6:            0x2
  .near.noinit       uninit   0x00500a     0x1  KneadMotor.o [1]
  .near.noinit       uninit   0x00500b     0x1  KneadMotor.o [1]
                            - 0x00500c     0x2

Absolute sections, part 4 of 6:            0x2
  .near.noinit       uninit   0x00500f     0x1  stm8s_interruput.o [1]
  .near.noinit       uninit   0x005010     0x1  KnockMotor.o [1]
                            - 0x005011     0x2

Absolute sections, part 5 of 6:            0x1
  .near.noinit       uninit   0x005014     0x1  WalkMotor.o [1]
                            - 0x005015     0x1

Absolute sections, part 6 of 6:            0x1
  .near.noinit       uninit   0x005019     0x1  WalkMotor.o [1]
                            - 0x00501a     0x1

"A2":                                     0x80
  INTVEC                      0x008000    0x80  <Block>
    .intvec          const    0x008000    0x80  interrupt.o [4]
                            - 0x008080    0x80

"P3-P5":                                0x1418
  .far_func.text     ro code  0x008080   0x345  RT5800Back.o [1]
  .far_func.text     ro code  0x0083c5   0x31b  MotorCtrl.o [1]
  .far_func.text     ro code  0x0086e0   0x2bd  MotorCtrl.o [1]
  .far_func.text     ro code  0x00899d   0x134  MotorCtrl.o [1]
  .far_func.text     ro code  0x008ad1    0xfb  WalkMotor.o [1]
  .far_func.text     ro code  0x008bcc    0xc7  stm8s_interruput.o [1]
  .far_func.text     ro code  0x008c93    0xc6  Input.o [1]
  .far_func.text     ro code  0x008d59    0xb4  KneadMotor.o [1]
  .far_func.text     ro code  0x008e0d    0xb3  KneadMotor.o [1]
  .far_func.text     ro code  0x008ec0    0x96  vreg_util.o [4]
  .far_func.text     ro code  0x008f56    0x8d  stm8s_interruput.o [1]
  .far_func.text     ro code  0x008fe3    0x89  RT5800Back.o [1]
  .far_func.text     ro code  0x00906c    0x83  Timer.o [1]
  .far_func.text     ro code  0x0090ef    0x59  RT5800Back.o [1]
  .far_func.text     ro code  0x009148    0x56  stm8s_interruput.o [1]
  .far_func.text     ro code  0x00919e    0x4e  MotorCtrl.o [1]
  .far_func.text     ro code  0x0091ec    0x3d  KnockMotor.o [1]
  .far_func.text     ro code  0x009229    0x37  stm8s_interruput.o [1]
  .far_func.text     ro code  0x009260    0x35  RT5800Back.o [1]
  .far_func.text     ro code  0x009295    0x29  RT5800Back.o [1]
  .far_func.text     ro code  0x0092be    0x28  init_small.o [4]
  .far_func.text     ro code  0x0092e6    0x26  short.o [4]
  .iar.init_table    const    0x00930c    0x14  - Linker created -
  .far_func.text     ro code  0x009320    0x1e  init.o [4]
  .far_func.text     ro code  0x00933e    0x1e  init_small.o [4]
  .far_func.text     ro code  0x00935c    0x17  cstartup.o [4]
  .far_func.text     ro code  0x009373    0x16  __dbg_xxexit.o [3]
  .far_func.text     ro code  0x009389    0x15  RT5800Back.o [1]
  .far_func.text     ro code  0x00939e    0x15  RT5800Back.o [1]
  .far_func.text     ro code  0x0093b3    0x13  WalkMotor.o [1]
  .far_func.text     ro code  0x0093c6    0x11  KnockMotor.o [1]
  .far_func.text     ro code  0x0093d7    0x11  WalkMotor.o [1]
  .far_func.text     ro code  0x0093e8     0xe  far_util.o [4]
  .far_func.text     ro code  0x0093f6     0xd  WalkMotor.o [1]
  .far_func.text     ro code  0x009403     0xd  WalkMotor.o [1]
  .far_func.text     ro code  0x009410     0xa  RT5800Back.o [1]
  .far_func.text     ro code  0x00941a     0x9  Timer.o [1]
  .far_func.text     ro code  0x009423     0x9  WalkMotor.o [1]
  .far_func.text     ro code  0x00942c     0x6  Input.o [1]
  .far_func.text     ro code  0x009432     0x6  Input.o [1]
  .far_func.text     ro code  0x009438     0x6  Input.o [1]
  .far_func.text     ro code  0x00943e     0x6  Input.o [1]
  .far_func.text     ro code  0x009444     0x6  Input.o [1]
  .far_func.text     ro code  0x00944a     0x6  Input.o [1]
  .far_func.text     ro code  0x009450     0x6  cexit.o [4]
  .far_func.text     ro code  0x009456     0x5  Input.o [1]
  .far_func.text     ro code  0x00945b     0x5  KneadMotor.o [1]
  .far_func.text     ro code  0x009460     0x5  KneadMotor.o [1]
  .far_func.text     ro code  0x009465     0x5  KnockMotor.o [1]
  .far_func.text     ro code  0x00946a     0x5  KnockMotor.o [1]
  .far_func.text     ro code  0x00946f     0x5  Timer.o [1]
  .far_func.text     ro code  0x009474     0x5  WalkMotor.o [1]
  .far_func.text     ro code  0x009479     0x5  WalkMotor.o [1]
  .far_func.text     ro code  0x00947e     0x4  Input.o [1]
  .far_func.text     ro code  0x009482     0x4  Input.o [1]
  .far_func.text     ro code  0x009486     0x4  interrupt.o [4]
  .far_func.text     ro code  0x00948a     0x4  exit.o [4]
  .far_func.text     ro code  0x00948e     0x3  low_level_init.o [4]
  .far_func.text     ro code  0x009491     0x3  unhandled_exception.o [4]
  Initializer bytes  const    0x009494     0x3  <for P2-1>
  .far_func.text     ro code  0x009497     0x1  __dbg_break.o [3]
                            - 0x009498  0x1418


*******************************************************************************
*** INIT TABLE
***

          Address   Size
          -------   ----
Zero (__iar_zero_init2)
    1 destination range, total size 0x80:
          0x000013  0x80

Copy (__iar_copy_init2)
    1 source range, total size 0x3:
          0x009494   0x3
    1 destination range, total size 0x3:
          0x000010   0x3



*******************************************************************************
*** MODULE SUMMARY
***

    Module                 ro code  ro data  rw data  rw data
                                                       (abs)
    ------                 -------  -------  -------  -------
E:\°´Ä¦ÒÎ\RT5780\RT5780Back_RT000_V1.0_20181205\Debug\Obj: [1]
    Input.o                    247                13        1
    KneadMotor.o               369                 7        2
    KnockMotor.o                88                          1
    MotorCtrl.o              1 882        2       20
    RT5800Back.o             1 209        1       62
    Timer.o                    145                17
    WalkMotor.o                332                 1        4
    stm8s_interruput.o         481                11        1
    ---------------------------------------------------------
    Total:                   4 753        3      131        9

command line: [2]
    ---------------------------------------------------------
    Total:

dbgstm8mmd.a: [3]
    __dbg_break.o                1
    __dbg_xxexit.o              22
    ---------------------------------------------------------
    Total:                      23

dlstm8mmn.a: [4]
    cexit.o                      6
    cstartup.o                  23
    exit.o                       4
    far_util.o                  14
    init.o                      30
    init_small.o                70
    interrupt.o                  4      128
    low_level_init.o             3
    short.o                     38
    unhandled_exception.o        3
    vreg_util.o                150
    vregs.o                                       16
    ---------------------------------------------------------
    Total:                     345      128       16

    Linker created                       20      256
-------------------------------------------------------------
    Grand Total:             5 121      151      403        9


*******************************************************************************
*** ENTRY LIST
***

Entry                    Address   Size  Type      Object
-----                    -------   ----  ----      ------
.iar.init_table$$Base   0x00930c          --   Gb  - Linker created -
.iar.init_table$$Limit  0x009320          --   Gb  - Linker created -
?b0                     0x000000         Data  Gb  vregs.o [4]
?b1                     0x000001         Data  Gb  vregs.o [4]
?b10                    0x00000a         Data  Gb  vregs.o [4]
?b11                    0x00000b         Data  Gb  vregs.o [4]
?b12                    0x00000c         Data  Gb  vregs.o [4]
?b13                    0x00000d         Data  Gb  vregs.o [4]
?b14                    0x00000e         Data  Gb  vregs.o [4]
?b15                    0x00000f         Data  Gb  vregs.o [4]
?b2                     0x000002         Data  Gb  vregs.o [4]
?b3                     0x000003         Data  Gb  vregs.o [4]
?b4                     0x000004         Data  Gb  vregs.o [4]
?b5                     0x000005         Data  Gb  vregs.o [4]
?b6                     0x000006         Data  Gb  vregs.o [4]
?b7                     0x000007         Data  Gb  vregs.o [4]
?b8                     0x000008         Data  Gb  vregs.o [4]
?b9                     0x000009         Data  Gb  vregs.o [4]
?e0                     0x000001         Data  Gb  vregs.o [4]
?e1                     0x000005         Data  Gb  vregs.o [4]
?e2                     0x000009         Data  Gb  vregs.o [4]
?e3                     0x00000d         Data  Gb  vregs.o [4]
?epilogue_l2            0x008f4c         Code  Gb  vreg_util.o [4]
?epilogue_w4            0x008f51         Code  Gb  vreg_util.o [4]
?l0                     0x000000         Data  Gb  vregs.o [4]
?l1                     0x000004         Data  Gb  vregs.o [4]
?l2                     0x000008         Data  Gb  vregs.o [4]
?l3                     0x00000c         Data  Gb  vregs.o [4]
?load24_e1_0x           0x0093e8         Code  Gb  far_util.o [4]
?mul16_x_x_w0           0x0092e6         Code  Gb  short.o [4]
?pop_l0                 0x008f1f         Code  Gb  vreg_util.o [4]
?pop_l1                 0x008f2a         Code  Gb  vreg_util.o [4]
?pop_l2                 0x008f35         Code  Gb  vreg_util.o [4]
?pop_w4                 0x008edc         Code  Gb  vreg_util.o [4]
?push_l0                0x008eef         Code  Gb  vreg_util.o [4]
?push_l1                0x008ef4         Code  Gb  vreg_util.o [4]
?push_l2                0x008ef9         Code  Gb  vreg_util.o [4]
?push_w4                0x008ec0         Code  Gb  vreg_util.o [4]
?sll16_x_x_a            0x009304         Code  Gb  short.o [4]
?w0                     0x000000         Data  Gb  vregs.o [4]
?w1                     0x000002         Data  Gb  vregs.o [4]
?w2                     0x000004         Data  Gb  vregs.o [4]
?w3                     0x000006         Data  Gb  vregs.o [4]
?w4                     0x000008         Data  Gb  vregs.o [4]
?w5                     0x00000a         Data  Gb  vregs.o [4]
?w6                     0x00000c         Data  Gb  vregs.o [4]
?w7                     0x00000e         Data  Gb  vregs.o [4]
CLK_Init                0x009410    0xa  Code  Gb  RT5800Back.o [1]
CSTACK$$Base            0x000300          --   Gb  - Linker created -
CSTACK$$Limit           0x000400          --   Gb  - Linker created -
CommProcess             0x008080  0x345  Code  Gb  RT5800Back.o [1]
EXTI1_PORTB_Interrupt   0x009148   0x56  Code  Gb  stm8s_interruput.o [1]
GPIO_Init               0x008fe3   0x89  Code  Gb  RT5800Back.o [1]
INTVEC$$Base            0x008000          --   Gb  - Linker created -
INTVEC$$Limit           0x008080          --   Gb  - Linker created -
Input_5ms_Int           0x009456    0x5  Code  Gb  Input.o [1]
Input_GetKneadMax       0x00942c    0x6  Code  Gb  Input.o [1]
Input_GetKneadMid       0x009432    0x6  Code  Gb  Input.o [1]
Input_GetKneadMin       0x009438    0x6  Code  Gb  Input.o [1]
Input_GetKneadPosition  0x00943e    0x6  Code  Gb  Input.o [1]
Input_GetWalkDownSwitch
                        0x00944a    0x6  Code  Gb  Input.o [1]
Input_GetWalkMotorPosition
                        0x009482    0x4  Code  Gb  Input.o [1]
Input_GetWalkUpSwitch   0x009444    0x6  Code  Gb  Input.o [1]
Input_High              0x008c93   0x1a  Code  Gb  Input.o [1]
Input_Low               0x008cad   0x1a  Code  Gb  Input.o [1]
Input_Proce             0x008cc7   0x92  Code  Gb  Input.o [1]
Input_SetWalkMotorPosition
                        0x00947e    0x4  Code  Gb  Input.o [1]
KneadMotorControl       0x0083c5  0x31b  Code  Gb  MotorCtrl.o [1]
KneadMotorControl::nCurKneadWidth
                        0x000077    0x1  Data  Lc  MotorCtrl.o [1]
KneadMotorControl::nFinalKneadMotorState
                        0x000076    0x1  Data  Lc  MotorCtrl.o [1]
KneadMotor_10ms_Int     0x008e4b   0x1e  Code  Gb  KneadMotor.o [1]
KneadMotor_Break        0x008e83   0x33  Code  Gb  KneadMotor.o [1]
KneadMotor_ClockRun     0x008e69    0xd  Code  Gb  KneadMotor.o [1]
KneadMotor_Control      0x008d59   0xb4  Code  Gb  KneadMotor.o [1]
KneadMotor_Get_Fault    0x008eb6    0xa  Code  Gb  KneadMotor.o [1]
KneadMotor_Reset        0x00945b    0x5  Code  Gb  KneadMotor.o [1]
KneadMotor_Reset_Cancel
                        0x009460    0x5  Code  Gb  KneadMotor.o [1]
KneadMotor_Set_Pwm_Data
                        0x008e0d   0x3e  Code  Lc  KneadMotor.o [1]
KneadMotor_UnClockRun   0x008e76    0xd  Code  Gb  KneadMotor.o [1]
KnockMotorControl       0x00899d  0x134  Code  Gb  MotorCtrl.o [1]
KnockMotorControl::bKnockMotorPowerFlag
                        0x000074    0x1  Data  Lc  MotorCtrl.o [1]
KnockMotor_Break        0x009224    0x5  Code  Gb  KnockMotor.o [1]
KnockMotor_DisEnbl      0x00946a    0x5  Code  Gb  KnockMotor.o [1]
KnockMotor_Enbl         0x009465    0x5  Code  Gb  KnockMotor.o [1]
KnockMotor_Get_Fault    0x0093c6   0x11  Code  Gb  KnockMotor.o [1]
KnockMotor_Set_Pwm_Data
                        0x0091ec   0x38  Code  Gb  KnockMotor.o [1]
RX_Index                0x00005e    0x2  Data  Gb  stm8s_interruput.o [1]
Region$$Table$$Base     0x00930c          --   Gb  - Linker created -
Region$$Table$$Limit    0x009320          --   Gb  - Linker created -
TIM4_Interrupt          0x008bcc   0xc7  Code  Gb  stm8s_interruput.o [1]
TIM4_Interrupt::b485SendCounter
                        0x00008f    0x1  Data  Lc  stm8s_interruput.o [1]
TIM4_Interrupt::bSendFinishCounter
                        0x000090    0x1  Data  Lc  stm8s_interruput.o [1]
TIM4_Interrupt::by_Time100ms
                        0x00008e    0x1  Data  Lc  stm8s_interruput.o [1]
TIM4_Interrupt::by_Time10ms
                        0x00008d    0x1  Data  Lc  stm8s_interruput.o [1]
TIM4_Interrupt::by_Time5ms
                        0x00008c    0x1  Data  Lc  stm8s_interruput.o [1]
TIM_Init                0x009389   0x15  Code  Gb  RT5800Back.o [1]
Time1Pwm_Init           0x009260   0x35  Code  Gb  RT5800Back.o [1]
Time2Pwm_Init           0x009295   0x29  Code  Gb  RT5800Back.o [1]
Timer_Counter           0x00906c   0x83  Code  Gb  Timer.o [1]
Timer_Counter_Clear     0x00941a    0x9  Code  Gb  Timer.o [1]
Timer_Flag_100ms_Int    0x00946f    0x5  Code  Gb  Timer.o [1]
UART_Init               0x00939e   0x15  Code  Gb  RT5800Back.o [1]
UART_RX_Interrupt       0x008f56   0x8d  Code  Gb  stm8s_interruput.o [1]
UART_TX_Interrupt       0x009229   0x37  Code  Gb  stm8s_interruput.o [1]
WalkMotorControl        0x0086e0  0x2bd  Code  Gb  MotorCtrl.o [1]
WalkMotorControl::nFinalWalkMotorLocate
                        0x000010    0x2  Data  Lc  MotorCtrl.o [1]
WalkMotor_10ms_Int      0x0093b3   0x13  Code  Gb  WalkMotor.o [1]
WalkMotor_Break         0x009423    0x9  Code  Lc  WalkMotor.o [1]
WalkMotor_Control       0x008ad1   0xfb  Code  Gb  WalkMotor.o [1]
WalkMotor_Down          0x009403    0xd  Code  Lc  WalkMotor.o [1]
WalkMotor_GetDirection  0x0093d7   0x11  Code  Gb  WalkMotor.o [1]
WalkMotor_Up            0x0093f6    0xd  Code  Lc  WalkMotor.o [1]
WalkPower_Off           0x009479    0x5  Code  Lc  WalkMotor.o [1]
WalkPower_On            0x009474    0x5  Code  Lc  WalkMotor.o [1]
_A_PA_IDR               0x005001    0x1  Data  Gb  Input.o [1]
_A_PA_ODR               0x005000    0x1  Data  Gb  WalkMotor.o [1]
_A_PB_ODR               0x005005    0x1  Data  Gb  WalkMotor.o [1]
_A_PC_IDR               0x00500b    0x1  Data  Gb  KneadMotor.o [1]
_A_PC_ODR               0x00500a    0x1  Data  Gb  KneadMotor.o [1]
_A_PD_IDR               0x005010    0x1  Data  Gb  KnockMotor.o [1]
_A_PD_ODR               0x00500f    0x1  Data  Gb  stm8s_interruput.o [1]
_A_PE_ODR               0x005014    0x1  Data  Gb  WalkMotor.o [1]
_A_PF_ODR               0x005019    0x1  Data  Gb  WalkMotor.o [1]
__DebugBreak            0x009497    0x1  Code  Gb  __dbg_break.o [3]
__exit                  0x009373   0x16  Code  Gb  __dbg_xxexit.o [3]
__iar_copy_init2        0x0092be         Code  Gb  init_small.o [4]
__iar_data_init2        0x009320   0x1e  Code  Gb  init.o [4]
__iar_program_start     0x00935c         Code  Gb  cstartup.o [4]
__iar_unhandled_exception
                        0x009491         Code  Gb  unhandled_exception.o [4]
__iar_zero_init2        0x00933e         Code  Gb  init_small.o [4]
__intvec                0x008000         Data  Gb  interrupt.o [4]
__low_level_init        0x00948e    0x3  Code  Gb  low_level_init.o [4]
_exit                   0x009450         Code  Gb  cexit.o [4]
_interrupt_19           0x009229         Code  Gb  stm8s_interruput.o [1]
_interrupt_20           0x008f56         Code  Gb  stm8s_interruput.o [1]
_interrupt_25           0x008bcc         Code  Gb  stm8s_interruput.o [1]
_interrupt_6            0x009148         Code  Gb  stm8s_interruput.o [1]
b485SendFlag            0x000086    0x1  Data  Gb  RT5800Back.o [1]
b5msFlag                0x000062    0x1  Data  Lc  Input.o [1]
bHasKneadWidthMaxPulse  0x000073    0x1  Data  Gb  MotorCtrl.o [1]
bHasKneadWidthMedPulse  0x000072    0x1  Data  Gb  MotorCtrl.o [1]
bHasKneadWidthMinPulse  0x000071    0x1  Data  Gb  MotorCtrl.o [1]
bKneadMax               0x000065    0x1  Data  Lc  Input.o [1]
bKneadMid               0x000064    0x1  Data  Lc  Input.o [1]
bKneadMin               0x000063    0x1  Data  Lc  Input.o [1]
bKneadMotorInProcess    0x00006d    0x1  Data  Gb  MotorCtrl.o [1]
bKnockMotorInProcess    0x00006c    0x1  Data  Gb  MotorCtrl.o [1]
bMasterSendPacket       0x000079    0x1  Data  Gb  RT5800Back.o [1]
bReceivePacketOk        0x000078    0x1  Data  Gb  RT5800Back.o [1]
bSendFinishFlag         0x00008b    0x1  Data  Gb  stm8s_interruput.o [1]
bUpdateLocate           0x000070    0x1  Data  Gb  MotorCtrl.o [1]
bWalkMotorInProcess     0x00006e    0x1  Data  Gb  MotorCtrl.o [1]
by_KneadPosition        0x000066    0x1  Data  Lc  Input.o [1]
by_Timer_Flag           0x000091    0x1  Data  Lc  Timer.o [1]
exit                    0x00948a    0x4  Code  Gb  exit.o [4]
kneadCounter            0x000056    0x2  Data  Lc  KneadMotor.o [1]
main                    0x0090ef   0x59  Code  Gb  RT5800Back.o [1]
main_GetKneadPosition   0x00919e   0x4e  Code  Gb  MotorCtrl.o [1]
main_GetKneadPosition::nLastKneadPosition
                        0x000075    0x1  Data  Lc  MotorCtrl.o [1]
motorBreakTime          0x000054    0x2  Data  Lc  KneadMotor.o [1]
motorStatus             0x000052    0x2  Data  Lc  KneadMotor.o [1]
nBackMainRunMode        0x000068    0x1  Data  Gb  MotorCtrl.o [1]
nCurActionStepCounter   0x00006b    0x1  Data  Gb  MotorCtrl.o [1]
nCurKneadKnockSpeed     0x000069    0x1  Data  Gb  MotorCtrl.o [1]
nCurKneadMotorCycles    0x00006f    0x1  Data  Gb  MotorCtrl.o [1]
nCurKnockRunStopCounter
                        0x00006a    0x1  Data  Gb  MotorCtrl.o [1]
nCurWalkLocate          0x000050    0x2  Data  Gb  Input.o [1]
nInChar                 0x00008a    0x1  Data  Gb  stm8s_interruput.o [1]
nKneadLoss              0x000067    0x1  Data  Gb  KneadMotor.o [1]
nKneadMotorControlParam1
                        0x00007b    0x1  Data  Gb  RT5800Back.o [1]
nKneadMotorControlParam2
                        0x00007c    0x1  Data  Gb  RT5800Back.o [1]
nKneadMotorReturn       0x000080    0x1  Data  Gb  RT5800Back.o [1]
nKneadMotor_ControlParam1
                        0x000083    0x1  Data  Gb  RT5800Back.o [1]
nKneadMotor_ControlParam2
                        0x000084    0x1  Data  Gb  RT5800Back.o [1]
nKnockMotorControlParam1
                        0x00007d    0x1  Data  Gb  RT5800Back.o [1]
nKnockMotorControlParam2
                        0x00007e    0x1  Data  Gb  RT5800Back.o [1]
nKnockMotorControlParam3
                        0x00007f    0x1  Data  Gb  RT5800Back.o [1]
nKnockMotor_ControlParam1
                        0x000082    0x1  Data  Gb  RT5800Back.o [1]
nReceiveClass           0x000012    0x1  Data  Gb  RT5800Back.o [1]
nRxBuf                  0x000013   0x19  Data  Gb  RT5800Back.o [1]
nSendCount              0x000088    0x1  Data  Gb  RT5800Back.o [1]
nSendCounter            0x000060    0x2  Data  Gb  stm8s_interruput.o [1]
nSendTotalCount         0x000089    0x1  Data  Gb  RT5800Back.o [1]
nShoulderPosition       0x000058    0x2  Data  Gb  MotorCtrl.o [1]
nTxBuf                  0x00003c    0xe  Data  Gb  RT5800Back.o [1]
nWalkLoss               0x000092    0x1  Data  Gb  WalkMotor.o [1]
nWalkMotorControlParam1
                        0x00007a    0x1  Data  Gb  RT5800Back.o [1]
nWalkMotorControlParam2
                        0x00005a    0x2  Data  Gb  RT5800Back.o [1]
nWalkMotorReturn        0x000081    0x1  Data  Gb  RT5800Back.o [1]
nWalkMotor_ControlParam1
                        0x000085    0x1  Data  Gb  RT5800Back.o [1]
nWalkMotor_ControlParam2
                        0x00005c    0x2  Data  Gb  RT5800Back.o [1]
st_WalkDown             0x00004d    0x3  Data  Gb  Input.o [1]
st_WalkUp               0x00004a    0x3  Data  Gb  Input.o [1]
upload_auto_step        0x000087    0x1  Data  Gb  RT5800Back.o [1]
w_Timer_Data            0x00002c   0x10  Data  Lc  Timer.o [1]


[1] = E:\°´Ä¦ÒÎ\RT5780\RT5780Back_RT000_V1.0_20181205\Debug\Obj
[2] = command line
[3] = dbgstm8mmd.a
[4] = dlstm8mmn.a

  5 121 bytes of readonly  code memory
    151 bytes of readonly  data memory
    403 bytes of readwrite data memory (+ 9 absolute)

Errors: none
Warnings: none
